// Jest Snapshot v1, https://goo.gl/fbAQLP

exports[`Test AddCategory debe cambiar el valor de la caja de texto 1`] = `
<div>
  <form>
    <input
      placeholder="Buscar gifs"
      type="text"
      value=""
    />
    <button>
      +
    </button>
  </form>
</div>
`;

exports[`Test GiftItem debe hacer match con el snapshot 1`] = `
<div>
  <div
    class="card"
  >
    <img
      alt="tituloTest"
      src="urlTest"
    />
    <p>
      tituloTest
    </p>
  </div>
</div>
`;
