// Jest Snapshot v1, https://goo.gl/fbAQLP

exports[`Test GiftItem debe hacer match con el snapshot 1`] = `
<div>
  <div
    class="card"
  >
    <img
      alt="tituloTest"
      src="urlTest"
    />
    <p>
      tituloTest
    </p>
  </div>
</div>
`;

exports[`Test GiftItem debe hacer match con el snapshot 2`] = `
<div>
  <div
    class="card"
  >
    <img
      alt="tituloTest"
      src="urlTest"
    />
    <p>
      tituloTest
    </p>
  </div>
</div>
`;

exports[`Test GiftItem debe mostrar la imagen  1`] = `
<div>
  <div
    class="card"
  >
    <img
      alt="tituloTest"
      src="urlTest"
    />
    <p>
      tituloTest
    </p>
  </div>
</div>
`;
